#-----------------------------------------------------------
# Vivado v2014.4 (64-bit)
# SW Build 1071353 on Tue Nov 18 18:29:27 MST 2014
# IP Build 1070531 on Tue Nov 18 01:10:18 MST 2014
# Start of session at: Sun May 31 13:56:05 2015
# Process ID: 11092
# Log file: B:/Complex_Mind/FPGA-Imaging-Library/Master/TestOnBoard/LocalFilter/vivado.log
# Journal file: B:/Complex_Mind/FPGA-Imaging-Library/Master/TestOnBoard/LocalFilter\vivado.jou
#-----------------------------------------------------------
start_gui
open_project B:/Complex_Mind/FPGA-Imaging-Library/Master/TestOnBoard/LocalFilter/LocalFilter.xpr
open_bd_design {B:/Complex_Mind/FPGA-Imaging-Library/Master/TestOnBoard/LocalFilter/LocalFilter.srcs/sources_1/bd/design_1/design_1.bd}
generate_target all [get_files  B:/Complex_Mind/FPGA-Imaging-Library/Master/TestOnBoard/LocalFilter/LocalFilter.srcs/sources_1/bd/design_1/design_1.bd]
reset_run synth_1
launch_runs impl_1 -to_step write_bitstream
wait_on_run impl_1
file copy -force B:/Complex_Mind/FPGA-Imaging-Library/Master/TestOnBoard/LocalFilter/LocalFilter.runs/impl_1/design_1_wrapper.sysdef B:/Complex_Mind/FPGA-Imaging-Library/Master/TestOnBoard/LocalFilter/LocalFilter.sdk/design_1_wrapper.hdf

launch_sdk -workspace B:/Complex_Mind/FPGA-Imaging-Library/Master/TestOnBoard/LocalFilter/LocalFilter.sdk -hwspec B:/Complex_Mind/FPGA-Imaging-Library/Master/TestOnBoard/LocalFilter/LocalFilter.sdk/design_1_wrapper.hdf
